exports[`test should render a UL of stops 1`] = `
<ul>
  <Stop
    stop_name="Stop 1" />
  <Stop
    stop_name="Stop 2" />
</ul>
`;
